Vercel CLI 56.5.0 (Node.js 26.5.0) | api is in beta — https://vercel.com/feedback
Vercel CLI 56.5.0 (Node.js 26.5.0) | api is in beta — https://vercel.com/feedback
Vercel CLI 56.5.0 (Node.js 26.5.0) | api is in beta — https://vercel.com/feedback
To https://github.com/fennelouski/nathanfennel.com.git
   2e95b0dc..dc766ebc  HEAD -> main
Vercel CLI 56.5.0 (Node.js 26.5.0) | api is in beta — https://vercel.com/feedback
Waiting for the exact selected-page Vercel Git build.
Vercel CLI 56.5.0 (Node.js 26.5.0) | api is in beta — https://vercel.com/feedback
Vercel CLI 56.5.0 (Node.js 26.5.0) | api is in beta — https://vercel.com/feedback
Vercel CLI 56.5.0 (Node.js 26.5.0) | api is in beta — https://vercel.com/feedback
Waiting for the exact selected-page Vercel Git build.
Vercel CLI 56.5.0 (Node.js 26.5.0) | api is in beta — https://vercel.com/feedback
Vercel CLI 56.5.0 (Node.js 26.5.0) | api is in beta — https://vercel.com/feedback
Vercel CLI 56.5.0 (Node.js 26.5.0) | api is in beta — https://vercel.com/feedback
Waiting for the exact selected-page Vercel Git build.
Vercel CLI 56.5.0 (Node.js 26.5.0) | api is in beta — https://vercel.com/feedback
Vercel CLI 56.5.0 (Node.js 26.5.0) | api is in beta — https://vercel.com/feedback
Vercel CLI 56.5.0 (Node.js 26.5.0) | api is in beta — https://vercel.com/feedback
Waiting for the exact selected-page Vercel Git build.
Vercel CLI 56.5.0 (Node.js 26.5.0) | api is in beta — https://vercel.com/feedback
Vercel CLI 56.5.0 (Node.js 26.5.0) | api is in beta — https://vercel.com/feedback
Vercel CLI 56.5.0 (Node.js 26.5.0) | api is in beta — https://vercel.com/feedback
Selected pages match on both hosts at dc766ebc682d8cbdf37adf6655fd0ad5e3aac9f2. Evidence: /Users/nathan/Documents/GitHub/.worktrees/nathanfennel-mouse-characters-20261004/.vercel/app-privacy-selected-dc766ebc682d8cbdf37adf6655fd0ad5e3aac9f2-20261004T220300Z-a4a66634.json
